[2025-06-05 17:45:52,022] [INFO] [django.server] "GET /status/saved/ HTTP/1.1" 200 13703
[2025-06-05 17:45:52,058] [WARNING] [django.request] Not Found: /.well-known/appspecific/com.chrome.devtools.json
[2025-06-05 17:45:52,061] [WARNING] [django.server] "GET /.well-known/appspecific/com.chrome.devtools.json HTTP/1.1" 404 6457
[2025-06-05 17:45:52,064] [INFO] [django.server] "GET /static/css/nav.css HTTP/1.1" 200 5508
[2025-06-05 17:45:52,066] [INFO] [django.server] "GET /static/css/error.css HTTP/1.1" 200 1070
[2025-06-05 17:45:52,067] [INFO] [django.server] "GET /static/css/status-menu.css HTTP/1.1" 200 6502
[2025-06-05 17:45:52,067] [INFO] [django.server] "GET /static/css/recruiters/footer.css HTTP/1.1" 200 3156
[2025-06-05 17:45:52,067] [INFO] [django.server] "GET /static/css/status-box.css HTTP/1.1" 200 4235
[2025-06-05 17:45:52,068] [INFO] [django.server] "GET /static/css/notification.css HTTP/1.1" 200 1976
[2025-06-05 17:45:52,071] [INFO] [django.server] "GET /static/css/status-form.css HTTP/1.1" 200 3120
[2025-06-05 17:45:52,074] [INFO] [django.server] "GET /static/css/status-right.css HTTP/1.1" 200 2403
[2025-06-05 17:45:52,074] [INFO] [django.server] "GET /static/css/status-bar.css HTTP/1.1" 200 3282
[2025-06-05 17:45:52,075] [INFO] [django.server] "GET /static/css/jobs.css HTTP/1.1" 200 10028
[2025-06-05 17:45:52,081] [INFO] [django.server] "GET /static/img/logo.svg HTTP/1.1" 200 21415
[2025-06-05 17:45:52,081] [INFO] [django.server] "GET /static/js/nav.js HTTP/1.1" 200 489
[2025-06-05 17:45:52,086] [INFO] [django.server] "GET /static/js/modal.js HTTP/1.1" 200 854
[2025-06-05 17:45:52,086] [INFO] [django.server] "GET /static/js/error.js HTTP/1.1" 200 2086
[2025-06-05 17:45:52,086] [INFO] [django.server] "GET /static/js/jobseeker/notification.js HTTP/1.1" 200 798
[2025-06-05 17:45:52,086] [INFO] [django.server] "GET /static/js/script.js HTTP/1.1" 200 468
[2025-06-05 17:46:27,569] [INFO] [django.server] "GET /status/applied/ HTTP/1.1" 200 13071
[2025-06-05 17:46:27,606] [WARNING] [django.request] Not Found: /.well-known/appspecific/com.chrome.devtools.json
[2025-06-05 17:46:27,608] [WARNING] [django.server] "GET /.well-known/appspecific/com.chrome.devtools.json HTTP/1.1" 404 6457
[2025-06-05 17:46:27,610] [INFO] [django.server] "GET /static/css/nav.css HTTP/1.1" 200 5508
[2025-06-05 17:46:27,615] [INFO] [django.server] "GET /static/css/notification.css HTTP/1.1" 200 1976
[2025-06-05 17:46:27,615] [INFO] [django.server] "GET /static/css/recruiters/footer.css HTTP/1.1" 200 3156
[2025-06-05 17:46:27,615] [INFO] [django.server] "GET /static/css/error.css HTTP/1.1" 200 1070
[2025-06-05 17:46:27,618] [INFO] [django.server] "GET /static/css/status-box.css HTTP/1.1" 200 4235
[2025-06-05 17:46:27,619] [INFO] [django.server] "GET /static/css/status-menu.css HTTP/1.1" 200 6502
[2025-06-05 17:46:27,620] [INFO] [django.server] "GET /static/css/status-right.css HTTP/1.1" 200 2403
[2025-06-05 17:46:27,622] [INFO] [django.server] "GET /static/css/status-bar.css HTTP/1.1" 200 3282
[2025-06-05 17:46:27,622] [INFO] [django.server] "GET /static/css/status-form.css HTTP/1.1" 200 3120
[2025-06-05 17:46:27,622] [INFO] [django.server] "GET /static/css/jobs.css HTTP/1.1" 200 10028
[2025-06-05 17:46:27,624] [INFO] [django.server] "GET /static/img/logo.svg HTTP/1.1" 200 21415
[2025-06-05 17:46:27,632] [INFO] [django.server] "GET /static/js/nav.js HTTP/1.1" 200 489
[2025-06-05 17:46:27,635] [INFO] [django.server] "GET /static/js/jobseeker/notification.js HTTP/1.1" 200 798
[2025-06-05 17:46:27,636] [INFO] [django.server] "GET /static/js/error.js HTTP/1.1" 200 2086
[2025-06-05 17:46:27,636] [INFO] [django.server] "GET /static/js/script.js HTTP/1.1" 200 468
[2025-06-05 17:46:27,636] [INFO] [django.server] "GET /static/js/modal.js HTTP/1.1" 200 854
[2025-06-05 17:58:05,059] [INFO] [django.server] "GET /status/applied/ HTTP/1.1" 200 13071
[2025-06-05 17:58:05,083] [WARNING] [django.request] Not Found: /.well-known/appspecific/com.chrome.devtools.json
[2025-06-05 17:58:05,085] [WARNING] [django.server] "GET /.well-known/appspecific/com.chrome.devtools.json HTTP/1.1" 404 6457
[2025-06-05 17:58:05,089] [INFO] [django.server] "GET /static/css/nav.css HTTP/1.1" 200 5508
[2025-06-05 17:58:05,093] [INFO] [django.server] "GET /static/css/error.css HTTP/1.1" 200 1070
[2025-06-05 17:58:05,094] [INFO] [django.server] "GET /static/css/status-menu.css HTTP/1.1" 200 6502
[2025-06-05 17:58:05,095] [INFO] [django.server] "GET /static/css/notification.css HTTP/1.1" 200 1976
[2025-06-05 17:58:05,095] [INFO] [django.server] "GET /static/css/status-box.css HTTP/1.1" 200 4235
[2025-06-05 17:58:05,097] [INFO] [django.server] "GET /static/css/recruiters/footer.css HTTP/1.1" 200 3156
[2025-06-05 17:58:05,098] [INFO] [django.server] "GET /static/css/status-right.css HTTP/1.1" 200 2403
[2025-06-05 17:58:05,100] [INFO] [django.server] "GET /static/css/status-form.css HTTP/1.1" 200 3120
[2025-06-05 17:58:05,100] [INFO] [django.server] "GET /static/css/status-bar.css HTTP/1.1" 200 3282
[2025-06-05 17:58:05,100] [INFO] [django.server] "GET /static/css/jobs.css HTTP/1.1" 200 10028
[2025-06-05 17:58:05,101] [INFO] [django.server] "GET /static/img/logo.svg HTTP/1.1" 200 21415
[2025-06-05 17:58:05,112] [INFO] [django.server] "GET /static/js/jobseeker/notification.js HTTP/1.1" 200 798
[2025-06-05 17:58:05,113] [INFO] [django.server] "GET /static/js/nav.js HTTP/1.1" 200 489
[2025-06-05 17:58:05,113] [INFO] [django.server] "GET /static/js/script.js HTTP/1.1" 200 468
[2025-06-05 17:58:05,114] [INFO] [django.server] "GET /static/js/error.js HTTP/1.1" 200 2086
[2025-06-05 17:58:05,114] [INFO] [django.server] "GET /static/js/modal.js HTTP/1.1" 200 854
[2025-06-05 18:01:08,653] [INFO] [django.server] "GET /status/applied/ HTTP/1.1" 200 11629
[2025-06-05 18:01:08,673] [WARNING] [django.request] Not Found: /.well-known/appspecific/com.chrome.devtools.json
[2025-06-05 18:01:08,674] [WARNING] [django.server] "GET /.well-known/appspecific/com.chrome.devtools.json HTTP/1.1" 404 6457
[2025-06-05 18:01:08,679] [INFO] [django.server] "GET /static/css/error.css HTTP/1.1" 200 1070
[2025-06-05 18:01:08,679] [INFO] [django.server] "GET /static/css/recruiters/footer.css HTTP/1.1" 200 3156
[2025-06-05 18:01:08,680] [INFO] [django.server] "GET /static/css/notification.css HTTP/1.1" 200 1976
[2025-06-05 18:01:08,680] [INFO] [django.server] "GET /static/css/status-box.css HTTP/1.1" 200 4235
[2025-06-05 18:01:08,680] [INFO] [django.server] "GET /static/css/nav.css HTTP/1.1" 200 5508
[2025-06-05 18:01:08,681] [INFO] [django.server] "GET /static/css/status-menu.css HTTP/1.1" 200 6502
[2025-06-05 18:01:08,685] [INFO] [django.server] "GET /static/css/status-bar.css HTTP/1.1" 200 3282
[2025-06-05 18:01:08,685] [INFO] [django.server] "GET /static/css/status-right.css HTTP/1.1" 200 2403
[2025-06-05 18:01:08,686] [INFO] [django.server] "GET /static/css/status-form.css HTTP/1.1" 200 3120
[2025-06-05 18:01:08,686] [INFO] [django.server] "GET /static/css/jobs.css HTTP/1.1" 200 10028
[2025-06-05 18:01:08,687] [INFO] [django.server] "GET /static/img/logo.svg HTTP/1.1" 200 21415
[2025-06-05 18:01:08,696] [INFO] [django.server] "GET /static/js/nav.js HTTP/1.1" 200 489
[2025-06-05 18:01:08,696] [INFO] [django.server] "GET /static/js/jobseeker/notification.js HTTP/1.1" 200 798
[2025-06-05 18:01:08,697] [INFO] [django.server] "GET /static/js/script.js HTTP/1.1" 200 468
[2025-06-05 18:01:08,697] [INFO] [django.server] "GET /static/js/modal.js HTTP/1.1" 200 854
[2025-06-05 18:01:08,697] [INFO] [django.server] "GET /static/js/error.js HTTP/1.1" 200 2086
[2025-06-05 18:01:44,438] [INFO] [django.server] "GET /status/applied/ HTTP/1.1" 200 11617
[2025-06-05 18:01:44,456] [INFO] [django.server] "GET /static/css/nav.css HTTP/1.1" 200 5508
[2025-06-05 18:01:44,462] [INFO] [django.server] "GET /static/css/error.css HTTP/1.1" 200 1070
[2025-06-05 18:01:44,465] [INFO] [django.server] "GET /static/css/recruiters/footer.css HTTP/1.1" 200 3156
[2025-06-05 18:01:44,465] [INFO] [django.server] "GET /static/css/notification.css HTTP/1.1" 200 1976
[2025-06-05 18:01:44,471] [INFO] [django.server] "GET /static/css/status-box.css HTTP/1.1" 200 4235
[2025-06-05 18:01:44,472] [INFO] [django.server] "GET /static/css/status-menu.css HTTP/1.1" 200 6502
[2025-06-05 18:01:44,474] [INFO] [django.server] "GET /static/css/status-right.css HTTP/1.1" 200 2403
[2025-06-05 18:01:44,479] [WARNING] [django.request] Not Found: /.well-known/appspecific/com.chrome.devtools.json
[2025-06-05 18:01:44,480] [INFO] [django.server] "GET /static/css/status-bar.css HTTP/1.1" 200 3282
[2025-06-05 18:01:44,481] [INFO] [django.server] "GET /static/css/jobs.css HTTP/1.1" 200 10028
[2025-06-05 18:01:44,482] [INFO] [django.server] "GET /static/css/status-form.css HTTP/1.1" 200 3120
[2025-06-05 18:01:44,482] [WARNING] [django.server] "GET /.well-known/appspecific/com.chrome.devtools.json HTTP/1.1" 404 6457
[2025-06-05 18:01:44,483] [INFO] [django.server] "GET /static/js/nav.js HTTP/1.1" 200 489
[2025-06-05 18:01:44,483] [INFO] [django.server] "GET /static/img/logo.svg HTTP/1.1" 200 21415
[2025-06-05 18:01:44,486] [INFO] [django.server] "GET /static/js/jobseeker/notification.js HTTP/1.1" 200 798
[2025-06-05 18:01:44,488] [INFO] [django.server] "GET /static/js/modal.js HTTP/1.1" 200 854
[2025-06-05 18:01:44,489] [INFO] [django.server] "GET /static/js/script.js HTTP/1.1" 200 468
[2025-06-05 18:01:44,490] [INFO] [django.server] "GET /static/js/error.js HTTP/1.1" 200 2086
[2025-06-05 18:02:27,632] [INFO] [django.server] "GET /status/applied/ HTTP/1.1" 200 11595
[2025-06-05 18:02:27,719] [INFO] [django.server] "GET /static/css/nav.css HTTP/1.1" 200 5508
[2025-06-05 18:02:27,729] [INFO] [django.server] "GET /static/css/error.css HTTP/1.1" 200 1070
[2025-06-05 18:02:27,730] [INFO] [django.server] "GET /static/css/recruiters/footer.css HTTP/1.1" 200 3156
[2025-06-05 18:02:27,732] [INFO] [django.server] "GET /static/css/notification.css HTTP/1.1" 200 1976
[2025-06-05 18:02:27,744] [INFO] [django.server] "GET /static/css/status-box.css HTTP/1.1" 200 4235
[2025-06-05 18:02:27,745] [INFO] [django.server] "GET /static/css/status-menu.css HTTP/1.1" 200 6502
[2025-06-05 18:02:27,756] [INFO] [django.server] "GET /static/css/jobs.css HTTP/1.1" 200 10028
[2025-06-05 18:02:27,757] [INFO] [django.server] "GET /static/css/status-right.css HTTP/1.1" 200 2403
[2025-06-05 18:02:27,761] [WARNING] [django.request] Not Found: /.well-known/appspecific/com.chrome.devtools.json
[2025-06-05 18:02:27,762] [WARNING] [django.server] "GET /.well-known/appspecific/com.chrome.devtools.json HTTP/1.1" 404 6457
[2025-06-05 18:02:27,762] [INFO] [django.server] "GET /static/css/status-form.css HTTP/1.1" 200 3120
[2025-06-05 18:02:27,762] [INFO] [django.server] "GET /static/css/status-bar.css HTTP/1.1" 200 3282
[2025-06-05 18:02:27,763] [INFO] [django.server] "GET /static/img/logo.svg HTTP/1.1" 200 21415
[2025-06-05 18:02:27,786] [INFO] [django.server] "GET /static/js/jobseeker/notification.js HTTP/1.1" 200 798
[2025-06-05 18:02:27,786] [INFO] [django.server] "GET /static/js/modal.js HTTP/1.1" 200 854
[2025-06-05 18:02:27,787] [INFO] [django.server] "GET /static/js/nav.js HTTP/1.1" 200 489
[2025-06-05 18:02:27,787] [INFO] [django.server] "GET /static/js/error.js HTTP/1.1" 200 2086
[2025-06-05 18:02:27,787] [INFO] [django.server] "GET /static/js/script.js HTTP/1.1" 200 468
[2025-06-05 18:05:49,464] [INFO] [django.server] "GET /status/applied/ HTTP/1.1" 200 11595
[2025-06-05 18:05:49,485] [INFO] [django.server] "GET /static/css/nav.css HTTP/1.1" 200 5508
[2025-06-05 18:05:49,491] [INFO] [django.server] "GET /static/css/error.css HTTP/1.1" 200 1070
[2025-06-05 18:05:49,493] [INFO] [django.server] "GET /static/css/notification.css HTTP/1.1" 200 1976
[2025-06-05 18:05:49,494] [INFO] [django.server] "GET /static/css/recruiters/footer.css HTTP/1.1" 200 3156
[2025-06-05 18:05:49,498] [INFO] [django.server] "GET /static/css/status-box.css HTTP/1.1" 200 4235
[2025-06-05 18:05:49,499] [INFO] [django.server] "GET /static/css/status-menu.css HTTP/1.1" 200 6502
[2025-06-05 18:05:49,505] [INFO] [django.server] "GET /static/css/status-right.css HTTP/1.1" 200 2403
[2025-06-05 18:05:49,506] [INFO] [django.server] "GET /static/css/status-bar.css HTTP/1.1" 200 3282
[2025-06-05 18:05:49,509] [WARNING] [django.request] Not Found: /.well-known/appspecific/com.chrome.devtools.json
[2025-06-05 18:05:49,509] [INFO] [django.server] "GET /static/css/jobs.css HTTP/1.1" 200 10028
[2025-06-05 18:05:49,510] [INFO] [django.server] "GET /static/css/status-form.css HTTP/1.1" 200 3120
[2025-06-05 18:05:49,510] [WARNING] [django.server] "GET /.well-known/appspecific/com.chrome.devtools.json HTTP/1.1" 404 6457
[2025-06-05 18:05:49,511] [INFO] [django.server] "GET /static/img/logo.svg HTTP/1.1" 200 21415
[2025-06-05 18:05:49,519] [INFO] [django.server] "GET /static/js/nav.js HTTP/1.1" 200 489
[2025-06-05 18:05:49,520] [INFO] [django.server] "GET /static/js/jobseeker/notification.js HTTP/1.1" 200 798
[2025-06-05 18:05:49,521] [INFO] [django.server] "GET /static/js/script.js HTTP/1.1" 200 468
[2025-06-05 18:05:49,521] [INFO] [django.server] "GET /static/js/modal.js HTTP/1.1" 200 854
[2025-06-05 18:05:49,522] [INFO] [django.server] "GET /static/js/error.js HTTP/1.1" 200 2086
[2025-06-05 18:06:27,061] [INFO] [django.server] "GET /status/applied/ HTTP/1.1" 200 11595
[2025-06-05 18:06:27,107] [WARNING] [django.request] Not Found: /.well-known/appspecific/com.chrome.devtools.json
[2025-06-05 18:06:27,108] [WARNING] [django.server] "GET /.well-known/appspecific/com.chrome.devtools.json HTTP/1.1" 404 6457
[2025-06-05 18:06:27,108] [INFO] [django.server] "GET /static/css/error.css HTTP/1.1" 200 1070
[2025-06-05 18:06:27,109] [INFO] [django.server] "GET /static/css/status-box.css HTTP/1.1" 200 4235
[2025-06-05 18:06:27,109] [INFO] [django.server] "GET /static/css/recruiters/footer.css HTTP/1.1" 200 3156
[2025-06-05 18:06:27,110] [INFO] [django.server] "GET /static/css/notification.css HTTP/1.1" 200 1976
[2025-06-05 18:06:27,110] [INFO] [django.server] "GET /static/css/nav.css HTTP/1.1" 200 5508
[2025-06-05 18:06:27,112] [INFO] [django.server] "GET /static/css/status-menu.css HTTP/1.1" 200 6502
[2025-06-05 18:06:27,116] [INFO] [django.server] "GET /static/css/status-right.css HTTP/1.1" 200 2403
[2025-06-05 18:06:27,122] [INFO] [django.server] "GET /static/css/status-bar.css HTTP/1.1" 200 3282
[2025-06-05 18:06:27,122] [INFO] [django.server] "GET /static/css/status-form.css HTTP/1.1" 200 3120
[2025-06-05 18:06:27,134] [INFO] [django.server] "GET /static/img/logo.svg HTTP/1.1" 200 21415
[2025-06-05 18:06:27,136] [INFO] [django.server] "GET /static/css/jobs.css HTTP/1.1" 200 9990
[2025-06-05 18:06:27,163] [INFO] [django.server] "GET /static/js/nav.js HTTP/1.1" 200 489
[2025-06-05 18:06:27,163] [INFO] [django.server] "GET /static/js/jobseeker/notification.js HTTP/1.1" 200 798
[2025-06-05 18:06:27,165] [INFO] [django.server] "GET /static/js/script.js HTTP/1.1" 200 468
[2025-06-05 18:06:27,165] [INFO] [django.server] "GET /static/js/error.js HTTP/1.1" 200 2086
[2025-06-05 18:06:27,165] [INFO] [django.server] "GET /static/js/modal.js HTTP/1.1" 200 854
[2025-06-05 18:08:19,179] [INFO] [django.server] "GET /status/applied/ HTTP/1.1" 200 11595
[2025-06-05 18:08:19,204] [WARNING] [django.request] Not Found: /.well-known/appspecific/com.chrome.devtools.json
[2025-06-05 18:08:19,208] [WARNING] [django.server] "GET /.well-known/appspecific/com.chrome.devtools.json HTTP/1.1" 404 6457
[2025-06-05 18:08:19,211] [INFO] [django.server] "GET /static/css/error.css HTTP/1.1" 200 1070
[2025-06-05 18:08:19,212] [INFO] [django.server] "GET /static/css/notification.css HTTP/1.1" 200 1976
[2025-06-05 18:08:19,212] [INFO] [django.server] "GET /static/css/recruiters/footer.css HTTP/1.1" 200 3156
[2025-06-05 18:08:19,213] [INFO] [django.server] "GET /static/css/nav.css HTTP/1.1" 200 5508
[2025-06-05 18:08:19,216] [INFO] [django.server] "GET /static/css/status-menu.css HTTP/1.1" 200 6502
[2025-06-05 18:08:19,218] [INFO] [django.server] "GET /static/css/status-box.css HTTP/1.1" 200 4234
[2025-06-05 18:08:19,219] [INFO] [django.server] "GET /static/css/status-right.css HTTP/1.1" 200 2403
[2025-06-05 18:08:19,219] [INFO] [django.server] "GET /static/css/status-bar.css HTTP/1.1" 200 3279
[2025-06-05 18:08:19,220] [INFO] [django.server] "GET /static/css/jobs.css HTTP/1.1" 200 9990
[2025-06-05 18:08:19,220] [INFO] [django.server] "GET /static/css/status-form.css HTTP/1.1" 200 3120
[2025-06-05 18:08:19,221] [INFO] [django.server] "GET /static/img/logo.svg HTTP/1.1" 200 21415
[2025-06-05 18:08:19,231] [INFO] [django.server] "GET /static/js/nav.js HTTP/1.1" 200 489
[2025-06-05 18:08:19,232] [INFO] [django.server] "GET /static/js/error.js HTTP/1.1" 200 2086
[2025-06-05 18:08:19,232] [INFO] [django.server] "GET /static/js/modal.js HTTP/1.1" 200 854
[2025-06-05 18:08:19,232] [INFO] [django.server] "GET /static/js/script.js HTTP/1.1" 200 468
[2025-06-05 18:08:19,233] [INFO] [django.server] "GET /static/js/jobseeker/notification.js HTTP/1.1" 200 798
[2025-06-05 18:09:26,109] [INFO] [django.server] "GET /status/applied/ HTTP/1.1" 200 11595
[2025-06-05 18:09:26,129] [WARNING] [django.request] Not Found: /.well-known/appspecific/com.chrome.devtools.json
[2025-06-05 18:09:26,133] [WARNING] [django.server] "GET /.well-known/appspecific/com.chrome.devtools.json HTTP/1.1" 404 6457
[2025-06-05 18:09:26,134] [INFO] [django.server] "GET /static/css/error.css HTTP/1.1" 200 1070
[2025-06-05 18:09:26,134] [INFO] [django.server] "GET /static/css/notification.css HTTP/1.1" 200 1976
[2025-06-05 18:09:26,135] [INFO] [django.server] "GET /static/css/nav.css HTTP/1.1" 200 5508
[2025-06-05 18:09:26,136] [INFO] [django.server] "GET /static/css/recruiters/footer.css HTTP/1.1" 200 3156
[2025-06-05 18:09:26,137] [INFO] [django.server] "GET /static/css/status-box.css HTTP/1.1" 200 4234
[2025-06-05 18:09:26,140] [INFO] [django.server] "GET /static/css/jobs.css HTTP/1.1" 200 9990
[2025-06-05 18:09:26,140] [INFO] [django.server] "GET /static/css/status-right.css HTTP/1.1" 200 2403
[2025-06-05 18:09:26,141] [INFO] [django.server] "GET /static/css/status-bar.css HTTP/1.1" 200 3279
[2025-06-05 18:09:26,143] [INFO] [django.server] "GET /static/css/status-form.css HTTP/1.1" 200 3100
[2025-06-05 18:09:26,144] [INFO] [django.server] "GET /static/img/logo.svg HTTP/1.1" 200 21415
[2025-06-05 18:09:26,153] [INFO] [django.server] "GET /static/css/status-menu.css HTTP/1.1" 200 6972
[2025-06-05 18:09:26,154] [INFO] [django.server] "GET /static/js/script.js HTTP/1.1" 200 468
[2025-06-05 18:09:26,154] [INFO] [django.server] "GET /static/js/jobseeker/notification.js HTTP/1.1" 200 798
[2025-06-05 18:09:26,154] [INFO] [django.server] "GET /static/js/nav.js HTTP/1.1" 200 489
[2025-06-05 18:09:26,154] [INFO] [django.server] "GET /static/js/modal.js HTTP/1.1" 200 854
[2025-06-05 18:09:26,155] [INFO] [django.server] "GET /static/js/error.js HTTP/1.1" 200 2086
[2025-06-05 18:11:05,345] [INFO] [django.server] "GET /status/applied/ HTTP/1.1" 200 11595
[2025-06-05 18:11:05,381] [WARNING] [django.request] Not Found: /.well-known/appspecific/com.chrome.devtools.json
[2025-06-05 18:11:05,384] [WARNING] [django.server] "GET /.well-known/appspecific/com.chrome.devtools.json HTTP/1.1" 404 6457
[2025-06-05 18:11:05,387] [INFO] [django.server] "GET /static/css/recruiters/footer.css HTTP/1.1" 200 3156
[2025-06-05 18:11:05,387] [INFO] [django.server] "GET /static/css/notification.css HTTP/1.1" 200 1976
[2025-06-05 18:11:05,387] [INFO] [django.server] "GET /static/css/error.css HTTP/1.1" 200 1070
[2025-06-05 18:11:05,387] [INFO] [django.server] "GET /static/css/nav.css HTTP/1.1" 200 5508
[2025-06-05 18:11:05,389] [INFO] [django.server] "GET /static/css/status-menu.css HTTP/1.1" 200 6972
[2025-06-05 18:11:05,389] [INFO] [django.server] "GET /static/css/status-box.css HTTP/1.1" 200 4234
[2025-06-05 18:11:05,393] [INFO] [django.server] "GET /static/css/status-bar.css HTTP/1.1" 200 3279
[2025-06-05 18:11:05,393] [INFO] [django.server] "GET /static/css/jobs.css HTTP/1.1" 200 9990
[2025-06-05 18:11:05,394] [INFO] [django.server] "GET /static/css/status-right.css HTTP/1.1" 200 2403
[2025-06-05 18:11:05,394] [INFO] [django.server] "GET /static/css/status-form.css HTTP/1.1" 200 3100
[2025-06-05 18:11:05,395] [INFO] [django.server] "GET /static/img/logo.svg HTTP/1.1" 200 21415
[2025-06-05 18:11:05,407] [INFO] [django.server] "GET /static/js/nav.js HTTP/1.1" 200 489
[2025-06-05 18:11:05,407] [INFO] [django.server] "GET /static/js/script.js HTTP/1.1" 200 468
[2025-06-05 18:11:05,408] [INFO] [django.server] "GET /static/js/jobseeker/notification.js HTTP/1.1" 200 798
[2025-06-05 18:11:05,408] [INFO] [django.server] "GET /static/js/error.js HTTP/1.1" 200 2086
[2025-06-05 18:11:05,408] [INFO] [django.server] "GET /static/js/modal.js HTTP/1.1" 200 854
[2025-06-05 18:11:36,275] [INFO] [django.server] "GET /status/applied/ HTTP/1.1" 200 11595
[2025-06-05 18:11:36,292] [INFO] [django.server] "GET /static/css/nav.css HTTP/1.1" 200 5508
[2025-06-05 18:11:36,297] [INFO] [django.server] "GET /static/css/error.css HTTP/1.1" 200 1070
[2025-06-05 18:11:36,298] [INFO] [django.server] "GET /static/css/notification.css HTTP/1.1" 200 1976
[2025-06-05 18:11:36,299] [INFO] [django.server] "GET /static/css/recruiters/footer.css HTTP/1.1" 200 3156
[2025-06-05 18:11:36,302] [INFO] [django.server] "GET /static/css/status-box.css HTTP/1.1" 200 4234
[2025-06-05 18:11:36,304] [INFO] [django.server] "GET /static/css/status-menu.css HTTP/1.1" 200 6972
[2025-06-05 18:11:36,310] [INFO] [django.server] "GET /static/css/status-right.css HTTP/1.1" 200 2480
[2025-06-05 18:11:36,311] [INFO] [django.server] "GET /static/css/status-bar.css HTTP/1.1" 200 3279
[2025-06-05 18:11:36,311] [INFO] [django.server] "GET /static/css/jobs.css HTTP/1.1" 200 9990
[2025-06-05 18:11:36,312] [INFO] [django.server] "GET /static/css/status-form.css HTTP/1.1" 200 3100
[2025-06-05 18:11:36,316] [WARNING] [django.request] Not Found: /.well-known/appspecific/com.chrome.devtools.json
[2025-06-05 18:11:36,317] [WARNING] [django.server] "GET /.well-known/appspecific/com.chrome.devtools.json HTTP/1.1" 404 6457
[2025-06-05 18:11:36,317] [INFO] [django.server] "GET /static/img/logo.svg HTTP/1.1" 200 21415
[2025-06-05 18:11:36,325] [INFO] [django.server] "GET /static/js/nav.js HTTP/1.1" 200 489
[2025-06-05 18:11:36,325] [INFO] [django.server] "GET /static/js/jobseeker/notification.js HTTP/1.1" 200 798
[2025-06-05 18:11:36,326] [INFO] [django.server] "GET /static/js/script.js HTTP/1.1" 200 468
[2025-06-05 18:11:36,326] [INFO] [django.server] "GET /static/js/modal.js HTTP/1.1" 200 854
[2025-06-05 18:11:36,326] [INFO] [django.server] "GET /static/js/error.js HTTP/1.1" 200 2086
[2025-06-05 18:12:44,161] [INFO] [django.server] "GET /status/applied/ HTTP/1.1" 200 11595
[2025-06-05 18:12:44,181] [WARNING] [django.request] Not Found: /.well-known/appspecific/com.chrome.devtools.json
[2025-06-05 18:12:44,184] [WARNING] [django.server] "GET /.well-known/appspecific/com.chrome.devtools.json HTTP/1.1" 404 6457
[2025-06-05 18:12:44,186] [INFO] [django.server] "GET /static/css/error.css HTTP/1.1" 200 1070
[2025-06-05 18:12:44,187] [INFO] [django.server] "GET /static/css/recruiters/footer.css HTTP/1.1" 200 3156
[2025-06-05 18:12:44,187] [INFO] [django.server] "GET /static/css/nav.css HTTP/1.1" 200 5508
[2025-06-05 18:12:44,189] [INFO] [django.server] "GET /static/css/notification.css HTTP/1.1" 200 1976
[2025-06-05 18:12:44,189] [INFO] [django.server] "GET /static/css/status-box.css HTTP/1.1" 200 4234
[2025-06-05 18:12:44,191] [INFO] [django.server] "GET /static/css/status-menu.css HTTP/1.1" 200 6962
[2025-06-05 18:12:44,193] [INFO] [django.server] "GET /static/css/status-right.css HTTP/1.1" 200 2480
[2025-06-05 18:12:44,193] [INFO] [django.server] "GET /static/css/status-bar.css HTTP/1.1" 200 3279
[2025-06-05 18:12:44,195] [INFO] [django.server] "GET /static/css/jobs.css HTTP/1.1" 200 9990
[2025-06-05 18:12:44,195] [INFO] [django.server] "GET /static/css/status-form.css HTTP/1.1" 200 3100
[2025-06-05 18:12:44,196] [INFO] [django.server] "GET /static/img/logo.svg HTTP/1.1" 200 21415
[2025-06-05 18:12:44,203] [INFO] [django.server] "GET /static/js/nav.js HTTP/1.1" 200 489
[2025-06-05 18:12:44,205] [INFO] [django.server] "GET /static/js/error.js HTTP/1.1" 200 2086
[2025-06-05 18:12:44,205] [INFO] [django.server] "GET /static/js/modal.js HTTP/1.1" 200 854
[2025-06-05 18:12:44,205] [INFO] [django.server] "GET /static/js/script.js HTTP/1.1" 200 468
[2025-06-05 18:12:44,205] [INFO] [django.server] "GET /static/js/jobseeker/notification.js HTTP/1.1" 200 798
[2025-06-05 18:13:43,866] [INFO] [django.server] "GET /status/applied/ HTTP/1.1" 200 11595
[2025-06-05 18:13:43,927] [WARNING] [django.request] Not Found: /.well-known/appspecific/com.chrome.devtools.json
[2025-06-05 18:13:43,929] [WARNING] [django.server] "GET /.well-known/appspecific/com.chrome.devtools.json HTTP/1.1" 404 6457
[2025-06-05 18:13:43,932] [INFO] [django.server] "GET /static/css/recruiters/footer.css HTTP/1.1" 200 3156
[2025-06-05 18:13:43,933] [INFO] [django.server] "GET /static/css/notification.css HTTP/1.1" 200 1976
[2025-06-05 18:13:43,933] [INFO] [django.server] "GET /static/css/nav.css HTTP/1.1" 200 5508
[2025-06-05 18:13:43,934] [INFO] [django.server] "GET /static/css/error.css HTTP/1.1" 200 1070
[2025-06-05 18:13:43,936] [INFO] [django.server] "GET /static/css/status-box.css HTTP/1.1" 200 4234
[2025-06-05 18:13:43,943] [INFO] [django.server] "GET /static/css/status-menu.css HTTP/1.1" 200 6976
[2025-06-05 18:13:43,949] [INFO] [django.server] "GET /static/css/status-right.css HTTP/1.1" 200 2480
[2025-06-05 18:13:43,950] [INFO] [django.server] "GET /static/css/jobs.css HTTP/1.1" 200 9990
[2025-06-05 18:13:43,957] [INFO] [django.server] "GET /static/css/status-bar.css HTTP/1.1" 200 3279
[2025-06-05 18:13:43,962] [INFO] [django.server] "GET /static/css/status-form.css HTTP/1.1" 200 3100
[2025-06-05 18:13:43,971] [INFO] [django.server] "GET /static/img/logo.svg HTTP/1.1" 200 21415
[2025-06-05 18:13:44,010] [INFO] [django.server] "GET /static/js/script.js HTTP/1.1" 200 468
[2025-06-05 18:13:44,010] [INFO] [django.server] "GET /static/js/error.js HTTP/1.1" 200 2086
[2025-06-05 18:13:44,010] [INFO] [django.server] "GET /static/js/modal.js HTTP/1.1" 200 854
[2025-06-05 18:13:44,010] [INFO] [django.server] "GET /static/js/nav.js HTTP/1.1" 200 489
[2025-06-05 18:13:44,012] [INFO] [django.server] "GET /static/js/jobseeker/notification.js HTTP/1.1" 200 798
[2025-06-05 18:15:29,918] [INFO] [django.server] "GET /status/applied/ HTTP/1.1" 200 11595
[2025-06-05 18:15:29,948] [WARNING] [django.request] Not Found: /.well-known/appspecific/com.chrome.devtools.json
[2025-06-05 18:15:29,949] [WARNING] [django.server] "GET /.well-known/appspecific/com.chrome.devtools.json HTTP/1.1" 404 6457
[2025-06-05 18:15:29,954] [INFO] [django.server] "GET /static/css/nav.css HTTP/1.1" 200 5508
[2025-06-05 18:15:29,958] [INFO] [django.server] "GET /static/css/error.css HTTP/1.1" 200 1070
[2025-06-05 18:15:29,960] [INFO] [django.server] "GET /static/css/recruiters/footer.css HTTP/1.1" 200 3156
[2025-06-05 18:15:29,960] [INFO] [django.server] "GET /static/css/notification.css HTTP/1.1" 200 1976
[2025-06-05 18:15:29,962] [INFO] [django.server] "GET /static/css/status-box.css HTTP/1.1" 200 4234
[2025-06-05 18:15:29,967] [INFO] [django.server] "GET /static/css/status-menu.css HTTP/1.1" 200 6970
[2025-06-05 18:15:29,968] [INFO] [django.server] "GET /static/css/status-right.css HTTP/1.1" 200 2480
[2025-06-05 18:15:29,970] [INFO] [django.server] "GET /static/css/jobs.css HTTP/1.1" 200 9990
[2025-06-05 18:15:29,972] [INFO] [django.server] "GET /static/css/status-bar.css HTTP/1.1" 200 3279
[2025-06-05 18:15:29,972] [INFO] [django.server] "GET /static/css/status-form.css HTTP/1.1" 200 3100
[2025-06-05 18:15:29,977] [INFO] [django.server] "GET /static/img/logo.svg HTTP/1.1" 200 21415
[2025-06-05 18:15:30,032] [INFO] [django.server] "GET /static/js/nav.js HTTP/1.1" 200 489
[2025-06-05 18:15:30,033] [INFO] [django.server] "GET /static/js/script.js HTTP/1.1" 200 468
[2025-06-05 18:15:30,034] [INFO] [django.server] "GET /static/js/jobseeker/notification.js HTTP/1.1" 200 798
[2025-06-05 18:15:30,034] [INFO] [django.server] "GET /static/js/error.js HTTP/1.1" 200 2086
[2025-06-05 18:15:30,034] [INFO] [django.server] "GET /static/js/modal.js HTTP/1.1" 200 854
[2025-06-05 18:17:35,110] [INFO] [django.server] "GET /status/applied/ HTTP/1.1" 200 11595
[2025-06-05 18:17:35,147] [INFO] [django.server] "GET /static/css/error.css HTTP/1.1" 200 1070
[2025-06-05 18:17:35,151] [INFO] [django.server] "GET /static/css/status-box.css HTTP/1.1" 200 4234
[2025-06-05 18:17:35,151] [INFO] [django.server] "GET /static/css/nav.css HTTP/1.1" 200 5508
[2025-06-05 18:17:35,151] [INFO] [django.server] "GET /static/css/status-menu.css HTTP/1.1" 200 6970
[2025-06-05 18:17:35,152] [INFO] [django.server] "GET /static/css/notification.css HTTP/1.1" 200 1976
[2025-06-05 18:17:35,156] [INFO] [django.server] "GET /static/css/status-right.css HTTP/1.1" 200 2480
[2025-06-05 18:17:35,156] [INFO] [django.server] "GET /static/css/recruiters/footer.css HTTP/1.1" 200 3156
[2025-06-05 18:17:35,164] [WARNING] [django.request] Not Found: /.well-known/appspecific/com.chrome.devtools.json
[2025-06-05 18:17:35,166] [INFO] [django.server] "GET /static/css/status-bar.css HTTP/1.1" 200 3279
[2025-06-05 18:17:35,167] [WARNING] [django.server] "GET /.well-known/appspecific/com.chrome.devtools.json HTTP/1.1" 404 6457
[2025-06-05 18:17:35,167] [INFO] [django.server] "GET /static/css/status-form.css HTTP/1.1" 200 3100
[2025-06-05 18:17:35,168] [INFO] [django.server] "GET /static/img/logo.svg HTTP/1.1" 200 21415
[2025-06-05 18:17:35,169] [INFO] [django.server] "GET /static/css/jobs.css HTTP/1.1" 200 9990
[2025-06-05 18:17:35,175] [INFO] [django.server] "GET /static/js/modal.js HTTP/1.1" 200 854
[2025-06-05 18:17:35,176] [INFO] [django.server] "GET /static/js/jobseeker/notification.js HTTP/1.1" 200 798
[2025-06-05 18:17:35,176] [INFO] [django.server] "GET /static/js/script.js HTTP/1.1" 200 468
[2025-06-05 18:17:35,176] [INFO] [django.server] "GET /static/js/nav.js HTTP/1.1" 200 489
[2025-06-05 18:17:35,177] [INFO] [django.server] "GET /static/js/error.js HTTP/1.1" 200 2086
[2025-06-05 18:17:37,185] [INFO] [django.server] "GET /status/applied/ HTTP/1.1" 200 11595
[2025-06-05 18:17:37,227] [INFO] [django.server] "GET /static/css/nav.css HTTP/1.1" 200 5508
[2025-06-05 18:17:37,243] [INFO] [django.server] "GET /static/css/notification.css HTTP/1.1" 200 1976
[2025-06-05 18:17:37,244] [INFO] [django.server] "GET /static/css/status-right.css HTTP/1.1" 200 2480
[2025-06-05 18:17:37,244] [INFO] [django.server] "GET /static/css/recruiters/footer.css HTTP/1.1" 200 3156
[2025-06-05 18:17:37,248] [INFO] [django.server] "GET /static/css/error.css HTTP/1.1" 200 1070
[2025-06-05 18:17:37,248] [INFO] [django.server] "GET /static/css/status-box.css HTTP/1.1" 200 4234
[2025-06-05 18:17:37,249] [INFO] [django.server] "GET /static/css/status-menu.css HTTP/1.1" 200 6970
[2025-06-05 18:17:37,257] [WARNING] [django.request] Not Found: /.well-known/appspecific/com.chrome.devtools.json
[2025-06-05 18:17:37,258] [INFO] [django.server] "GET /static/css/status-bar.css HTTP/1.1" 200 3279
[2025-06-05 18:17:37,258] [INFO] [django.server] "GET /static/css/jobs.css HTTP/1.1" 200 9990
[2025-06-05 18:17:37,258] [WARNING] [django.server] "GET /.well-known/appspecific/com.chrome.devtools.json HTTP/1.1" 404 6457
[2025-06-05 18:17:37,260] [INFO] [django.server] "GET /static/css/status-form.css HTTP/1.1" 200 3100
[2025-06-05 18:17:37,260] [INFO] [django.server] "GET /static/img/logo.svg HTTP/1.1" 200 21415
[2025-06-05 18:17:37,262] [INFO] [django.server] "GET /static/js/nav.js HTTP/1.1" 200 489
[2025-06-05 18:17:37,265] [INFO] [django.server] "GET /static/js/jobseeker/notification.js HTTP/1.1" 200 798
[2025-06-05 18:17:37,268] [INFO] [django.server] "GET /static/js/modal.js HTTP/1.1" 200 854
[2025-06-05 18:17:37,268] [INFO] [django.server] "GET /static/js/error.js HTTP/1.1" 200 2086
[2025-06-05 18:17:37,268] [INFO] [django.server] "GET /static/js/script.js HTTP/1.1" 200 468
[2025-06-05 18:17:52,466] [INFO] [django.server] "GET /status/applied/ HTTP/1.1" 200 11595
[2025-06-05 18:17:52,485] [INFO] [django.server] "GET /static/css/nav.css HTTP/1.1" 200 5508
[2025-06-05 18:17:52,497] [INFO] [django.server] "GET /static/css/error.css HTTP/1.1" 200 1070
[2025-06-05 18:17:52,501] [INFO] [django.server] "GET /static/css/recruiters/footer.css HTTP/1.1" 200 3156
[2025-06-05 18:17:52,502] [INFO] [django.server] "GET /static/css/status-box.css HTTP/1.1" 200 4234
[2025-06-05 18:17:52,502] [INFO] [django.server] "GET /static/css/notification.css HTTP/1.1" 200 1976
[2025-06-05 18:17:52,504] [INFO] [django.server] "GET /static/css/jobs.css HTTP/1.1" 200 9990
[2025-06-05 18:17:52,505] [INFO] [django.server] "GET /static/css/status-right.css HTTP/1.1" 200 2480
[2025-06-05 18:17:52,506] [INFO] [django.server] "GET /static/css/status-menu.css HTTP/1.1" 200 6976
[2025-06-05 18:17:52,510] [WARNING] [django.request] Not Found: /.well-known/appspecific/com.chrome.devtools.json
[2025-06-05 18:17:52,511] [INFO] [django.server] "GET /static/css/status-form.css HTTP/1.1" 200 3100
[2025-06-05 18:17:52,512] [INFO] [django.server] "GET /static/css/status-bar.css HTTP/1.1" 200 3279
[2025-06-05 18:17:52,512] [WARNING] [django.server] "GET /.well-known/appspecific/com.chrome.devtools.json HTTP/1.1" 404 6457
[2025-06-05 18:17:52,512] [INFO] [django.server] "GET /static/img/logo.svg HTTP/1.1" 200 21415
[2025-06-05 18:17:52,524] [INFO] [django.server] "GET /static/js/nav.js HTTP/1.1" 200 489
[2025-06-05 18:17:52,525] [INFO] [django.server] "GET /static/js/jobseeker/notification.js HTTP/1.1" 200 798
[2025-06-05 18:17:52,525] [INFO] [django.server] "GET /static/js/error.js HTTP/1.1" 200 2086
[2025-06-05 18:17:52,526] [INFO] [django.server] "GET /static/js/modal.js HTTP/1.1" 200 854
[2025-06-05 18:17:52,526] [INFO] [django.server] "GET /static/js/script.js HTTP/1.1" 200 468
[2025-06-05 18:17:52,746] [WARNING] [django.request] Not Found: /favicon.ico
[2025-06-05 18:17:52,746] [WARNING] [django.server] "GET /favicon.ico HTTP/1.1" 404 6346
[2025-06-05 19:41:04,909] [INFO] [django.server] "GET /status/applied/ HTTP/1.1" 200 11595
[2025-06-05 19:41:04,935] [INFO] [django.server] "GET /static/css/nav.css HTTP/1.1" 200 5508
[2025-06-05 19:41:04,945] [INFO] [django.server] "GET /static/css/error.css HTTP/1.1" 200 1070
[2025-06-05 19:41:04,947] [INFO] [django.server] "GET /static/css/recruiters/footer.css HTTP/1.1" 200 3156
[2025-06-05 19:41:04,957] [INFO] [django.server] "GET /static/css/notification.css HTTP/1.1" 200 1976
[2025-06-05 19:41:04,963] [INFO] [django.server] "GET /static/css/status-box.css HTTP/1.1" 200 4234
[2025-06-05 19:41:04,963] [INFO] [django.server] "GET /static/css/status-right.css HTTP/1.1" 200 2480
[2025-06-05 19:41:04,964] [INFO] [django.server] "GET /static/css/status-menu.css HTTP/1.1" 200 6976
[2025-06-05 19:41:04,965] [INFO] [django.server] "GET /static/css/status-form.css HTTP/1.1" 200 3100
[2025-06-05 19:41:04,966] [INFO] [django.server] "GET /static/css/status-bar.css HTTP/1.1" 200 3251
[2025-06-05 19:41:04,966] [INFO] [django.server] "GET /static/css/jobs.css HTTP/1.1" 200 9990
[2025-06-05 19:41:04,969] [INFO] [django.server] "GET /static/img/logo.svg HTTP/1.1" 200 21415
[2025-06-05 19:41:04,979] [WARNING] [django.request] Not Found: /.well-known/appspecific/com.chrome.devtools.json
[2025-06-05 19:41:04,980] [WARNING] [django.server] "GET /.well-known/appspecific/com.chrome.devtools.json HTTP/1.1" 404 6457
[2025-06-05 19:41:04,988] [INFO] [django.server] "GET /static/js/jobseeker/notification.js HTTP/1.1" 200 798
[2025-06-05 19:41:04,988] [INFO] [django.server] "GET /static/js/nav.js HTTP/1.1" 200 489
[2025-06-05 19:41:04,990] [INFO] [django.server] "GET /static/js/error.js HTTP/1.1" 200 2086
[2025-06-05 19:41:04,990] [INFO] [django.server] "GET /static/js/script.js HTTP/1.1" 200 468
[2025-06-05 19:41:04,991] [INFO] [django.server] "GET /static/js/modal.js HTTP/1.1" 200 854
[2025-06-05 19:47:35,024] [INFO] [django.server] "GET /status/applied/ HTTP/1.1" 200 11595
[2025-06-05 19:47:35,049] [INFO] [django.server] "GET /static/css/nav.css HTTP/1.1" 200 5508
[2025-06-05 19:47:35,061] [INFO] [django.server] "GET /static/css/error.css HTTP/1.1" 200 1070
[2025-06-05 19:47:35,067] [INFO] [django.server] "GET /static/css/recruiters/footer.css HTTP/1.1" 200 3156
[2025-06-05 19:47:35,078] [INFO] [django.server] "GET /static/css/notification.css HTTP/1.1" 200 1976
[2025-06-05 19:47:35,079] [INFO] [django.server] "GET /static/css/status-right.css HTTP/1.1" 200 2480
[2025-06-05 19:47:35,079] [INFO] [django.server] "GET /static/css/status-box.css HTTP/1.1" 200 4234
[2025-06-05 19:47:35,082] [INFO] [django.server] "GET /static/css/jobs.css HTTP/1.1" 200 9990
[2025-06-05 19:47:35,082] [INFO] [django.server] "GET /static/css/status-bar.css HTTP/1.1" 200 3251
[2025-06-05 19:47:35,091] [WARNING] [django.request] Not Found: /.well-known/appspecific/com.chrome.devtools.json
[2025-06-05 19:47:35,093] [INFO] [django.server] "GET /static/css/status-menu.css HTTP/1.1" 200 6976
[2025-06-05 19:47:35,093] [WARNING] [django.server] "GET /.well-known/appspecific/com.chrome.devtools.json HTTP/1.1" 404 6457
[2025-06-05 19:47:35,095] [INFO] [django.server] "GET /static/css/status-form.css HTTP/1.1" 200 3100
[2025-06-05 19:47:35,097] [INFO] [django.server] "GET /static/img/logo.svg HTTP/1.1" 200 21415
[2025-06-05 19:47:35,101] [INFO] [django.server] "GET /static/js/nav.js HTTP/1.1" 200 489
[2025-06-05 19:47:35,102] [INFO] [django.server] "GET /static/js/jobseeker/notification.js HTTP/1.1" 200 798
[2025-06-05 19:47:35,102] [INFO] [django.server] "GET /static/js/modal.js HTTP/1.1" 200 854
[2025-06-05 19:47:35,104] [INFO] [django.server] "GET /static/js/script.js HTTP/1.1" 200 468
[2025-06-05 19:47:35,110] [INFO] [django.server] "GET /static/js/error.js HTTP/1.1" 200 2086
[2025-06-05 19:48:51,144] [INFO] [django.server] "GET /status/applied/ HTTP/1.1" 200 11595
[2025-06-05 19:48:51,174] [INFO] [django.server] "GET /static/css/nav.css HTTP/1.1" 200 5508
[2025-06-05 19:48:51,182] [INFO] [django.server] "GET /static/css/error.css HTTP/1.1" 200 1070
[2025-06-05 19:48:51,186] [INFO] [django.server] "GET /static/css/recruiters/footer.css HTTP/1.1" 200 3156
[2025-06-05 19:48:51,187] [INFO] [django.server] "GET /static/css/notification.css HTTP/1.1" 200 1976
[2025-06-05 19:48:51,193] [INFO] [django.server] "GET /static/css/status-menu.css HTTP/1.1" 200 6976
[2025-06-05 19:48:51,193] [INFO] [django.server] "GET /static/css/status-box.css HTTP/1.1" 200 4234
[2025-06-05 19:48:51,193] [INFO] [django.server] "GET /static/css/status-right.css HTTP/1.1" 200 2480
[2025-06-05 19:48:51,203] [WARNING] [django.request] Not Found: /.well-known/appspecific/com.chrome.devtools.json
[2025-06-05 19:48:51,204] [INFO] [django.server] "GET /static/css/status-form.css HTTP/1.1" 200 3100
[2025-06-05 19:48:51,205] [INFO] [django.server] "GET /static/css/status-bar.css HTTP/1.1" 200 3251
[2025-06-05 19:48:51,206] [INFO] [django.server] "GET /static/css/jobs.css HTTP/1.1" 200 9990
[2025-06-05 19:48:51,206] [WARNING] [django.server] "GET /.well-known/appspecific/com.chrome.devtools.json HTTP/1.1" 404 6457
[2025-06-05 19:48:51,206] [INFO] [django.server] "GET /static/img/logo.svg HTTP/1.1" 200 21415
[2025-06-05 19:48:51,230] [INFO] [django.server] "GET /static/js/jobseeker/notification.js HTTP/1.1" 200 798
[2025-06-05 19:48:51,231] [INFO] [django.server] "GET /static/js/nav.js HTTP/1.1" 200 489
[2025-06-05 19:48:51,232] [INFO] [django.server] "GET /static/js/modal.js HTTP/1.1" 200 854
[2025-06-05 19:48:51,235] [INFO] [django.server] "GET /static/js/script.js HTTP/1.1" 200 468
[2025-06-05 19:48:51,235] [INFO] [django.server] "GET /static/js/error.js HTTP/1.1" 200 2086
[2025-06-05 19:48:51,588] [WARNING] [django.request] Not Found: /favicon.ico
[2025-06-05 19:48:51,589] [WARNING] [django.server] "GET /favicon.ico HTTP/1.1" 404 6346
[2025-06-05 19:49:47,566] [INFO] [django.server] "GET /status/applied/ HTTP/1.1" 200 11595
[2025-06-05 19:49:47,592] [INFO] [django.server] "GET /static/css/nav.css HTTP/1.1" 200 5508
[2025-06-05 19:49:47,595] [INFO] [django.server] "GET /static/css/notification.css HTTP/1.1" 200 1976
[2025-06-05 19:49:47,596] [INFO] [django.server] "GET /static/css/error.css HTTP/1.1" 200 1070
[2025-06-05 19:49:47,596] [INFO] [django.server] "GET /static/css/recruiters/footer.css HTTP/1.1" 200 3156
[2025-06-05 19:49:47,604] [INFO] [django.server] "GET /static/css/status-box.css HTTP/1.1" 200 4234
[2025-06-05 19:49:47,604] [INFO] [django.server] "GET /static/css/status-menu.css HTTP/1.1" 200 6976
[2025-06-05 19:49:47,607] [INFO] [django.server] "GET /static/css/status-right.css HTTP/1.1" 200 2480
[2025-06-05 19:49:47,609] [INFO] [django.server] "GET /static/css/status-form.css HTTP/1.1" 200 3100
[2025-06-05 19:49:47,609] [INFO] [django.server] "GET /static/css/jobs.css HTTP/1.1" 200 9990
[2025-06-05 19:49:47,611] [INFO] [django.server] "GET /static/css/status-bar.css HTTP/1.1" 200 3251
[2025-06-05 19:49:47,617] [WARNING] [django.request] Not Found: /.well-known/appspecific/com.chrome.devtools.json
[2025-06-05 19:49:47,619] [WARNING] [django.server] "GET /.well-known/appspecific/com.chrome.devtools.json HTTP/1.1" 404 6457
[2025-06-05 19:49:47,619] [INFO] [django.server] "GET /static/img/logo.svg HTTP/1.1" 200 21415
[2025-06-05 19:49:47,653] [INFO] [django.server] "GET /static/js/script.js HTTP/1.1" 200 468
[2025-06-05 19:49:47,654] [INFO] [django.server] "GET /static/js/jobseeker/notification.js HTTP/1.1" 200 798
[2025-06-05 19:49:47,654] [INFO] [django.server] "GET /static/js/error.js HTTP/1.1" 200 2086
[2025-06-05 19:49:47,654] [INFO] [django.server] "GET /static/js/modal.js HTTP/1.1" 200 854
[2025-06-05 19:49:47,654] [INFO] [django.server] "GET /static/js/nav.js HTTP/1.1" 200 489
[2025-06-05 19:49:48,002] [WARNING] [django.request] Not Found: /favicon.ico
[2025-06-05 19:49:48,002] [WARNING] [django.server] "GET /favicon.ico HTTP/1.1" 404 6346
[2025-06-05 19:49:56,387] [INFO] [django.server] "GET /status/applied/ HTTP/1.1" 200 11595
[2025-06-05 19:49:56,415] [INFO] [django.server] "GET /static/css/status-bar.css HTTP/1.1" 304 0
[2025-06-05 19:51:48,658] [INFO] [django.server] "GET /status/applied/1 HTTP/1.1" 200 11595
[2025-06-05 19:51:48,698] [INFO] [django.server] "GET /static/css/status-bar.css HTTP/1.1" 304 0
[2025-06-05 19:51:49,930] [INFO] [django.server] "GET /status/applied/3 HTTP/1.1" 200 11529
[2025-06-05 19:51:50,999] [INFO] [django.server] "GET /status/applied/1 HTTP/1.1" 200 11595
[2025-06-05 19:51:51,969] [INFO] [django.server] "GET /status/applied/3 HTTP/1.1" 200 11529
[2025-06-05 19:51:53,990] [INFO] [django.server] "GET /status/applied/1 HTTP/1.1" 200 11595
[2025-06-05 19:51:55,110] [INFO] [django.server] "GET /status/applied/3 HTTP/1.1" 200 11529
[2025-06-05 19:51:56,006] [INFO] [django.server] "GET /status/applied/1 HTTP/1.1" 200 11595
[2025-06-05 19:51:57,691] [INFO] [django.server] "GET /status/applied/3 HTTP/1.1" 200 11529
[2025-06-05 19:51:58,653] [INFO] [django.server] "GET /status/applied/1 HTTP/1.1" 200 11595
[2025-06-05 19:51:59,663] [INFO] [django.server] "GET /status/applied/3 HTTP/1.1" 200 11529
[2025-06-05 19:52:00,319] [INFO] [django.server] "GET /status/applied/1 HTTP/1.1" 200 11595
[2025-06-05 19:52:00,355] [INFO] [django.server] "GET /static/css/status-bar.css HTTP/1.1" 304 0
[2025-06-05 19:52:06,940] [INFO] [django.server] "GET /status/offered/ HTTP/1.1" 200 14980
[2025-06-05 19:52:11,025] [INFO] [django.server] "GET /status/saved/ HTTP/1.1" 200 13703
[2025-06-05 19:52:14,059] [INFO] [django.server] "GET /status/applied/ HTTP/1.1" 200 11595
[2025-06-05 19:52:14,095] [INFO] [django.server] "GET /static/css/status-bar.css HTTP/1.1" 304 0
[2025-06-05 19:52:14,990] [INFO] [django.server] "GET /status/offered/ HTTP/1.1" 200 14980
[2025-06-05 19:52:27,154] [INFO] [django.server] "GET /status/applied/ HTTP/1.1" 200 11595
[2025-06-05 19:52:30,481] [INFO] [django.server] "GET /status/saved/ HTTP/1.1" 200 13703
[2025-06-05 19:52:30,513] [INFO] [django.server] "GET /static/css/status-bar.css HTTP/1.1" 304 0
[2025-06-05 19:54:00,732] [INFO] [django.server] "GET /status/offered/ HTTP/1.1" 200 14980
[2025-06-05 19:54:00,777] [INFO] [django.server] "GET /static/css/status-bar.css HTTP/1.1" 304 0
[2025-06-05 19:54:36,410] [INFO] [django.server] "GET /status/offered/ HTTP/1.1" 200 14980
[2025-06-05 19:54:36,445] [INFO] [django.server] "GET /static/css/status-bar.css HTTP/1.1" 304 0
[2025-06-05 19:54:38,322] [INFO] [django.server] "GET /status/saved/ HTTP/1.1" 200 13543
[2025-06-05 19:54:57,730] [INFO] [django.server] "GET /status/applied/ HTTP/1.1" 200 11595
[2025-06-05 19:54:59,541] [INFO] [django.server] "GET /status/offered/ HTTP/1.1" 200 14980
